// Jest Snapshot v1, https://goo.gl/fbAQLP

exports[`App.vue should match snapshot 1`] = `
<div
  id="app"
>
  <div>
    <section
      class="section"
    >
      <div
        class="section"
      >
        <div
          class="columns is-centered"
        >
          <div
            class="column is-2"
          >
            <h2
              class="title"
            >
              Sign in
            </h2>
             
            <form>
              <div
                class="field"
              >
                <label
                  class="label"
                  for="email"
                >
                  
              Email
            
                </label>
                 
                <p
                  class="control has-icons-right"
                >
                  <input
                    class="input"
                    id="email"
                    placeholder="Email"
                    required="required"
                    type="email"
                  />
                   
                  <span
                    class="icon is-right"
                  >
                    <i
                      class="fas fa-user"
                    />
                  </span>
                </p>
              </div>
               
              <div
                class="field"
              >
                <label
                  class="label"
                  for="password"
                >
                  
              Password
            
                </label>
                 
                <p
                  class="control has-icons-right"
                >
                  <input
                    class="input"
                    id="password"
                    placeholder="Password"
                    required="required"
                    type="password"
                  />
                   
                  <span
                    class="icon is-right"
                  >
                    <i
                      class="fas fa-lock"
                    />
                  </span>
                </p>
              </div>
               
              <div
                class="field is-grouped"
              >
                <p
                  class="control is-expanded"
                >
                  <button
                    class="button is-primary is-fullwidth"
                  >
                    Sign in
                  </button>
                </p>
                 
                <p
                  class="control is-expanded"
                >
                  <button
                    class="button is-text is-fullwidth"
                    type="button"
                  >
                    
                Sign up
              
                  </button>
                </p>
              </div>
            </form>
          </div>
        </div>
         
        <div
          class="columns is-centered"
        >
          <div
            class="column is-2"
          >
            <p>
              
          You don't want to create an account?
          Click 
              <a>
                here
              </a>
               to continue without an account.
        
            </p>
          </div>
        </div>
      </div>
    </section>
  </div>
</div>
`;
